2026-10-04 18:05:09,415 - twister - INFO - Using Ninja..
2026-10-04 18:05:09,449 - twister - INFO - Zephyr version: v4.4.2
2026-10-04 18:05:09,451 - twister - DEBUG - Running cmake script /home/mircea/deps/zephyr/cmake/verify-toolchain.cmake
2026-10-04 18:05:09,451 - twister - DEBUG - Calling cmake: /usr/bin/cmake -DFORMAT=json -P /home/mircea/deps/zephyr/cmake/verify-toolchain.cmake
2026-10-04 18:05:10,376 - twister - DEBUG - Finished running /home/mircea/deps/zephyr/cmake/verify-toolchain.cmake
2026-10-04 18:05:10,376 - twister - INFO - Using 'zephyr/gnu' toolchain variant.
2026-10-04 18:05:10,889 - twister - DEBUG - Reading testsuite configuration files under /home/mircea/zephyr-course/tests/ring_buf...
2026-10-04 18:05:10,889 - twister - DEBUG - Found possible testsuite in /home/mircea/zephyr-course/tests/ring_buf
2026-10-04 18:05:10,891 - twister - DEBUG - No duplicates found.
2026-10-04 18:05:10,891 - twister - DEBUG -  platform filter: ['native_sim']
2026-10-04 18:05:10,891 - twister - DEBUG - platform_pattern: []
2026-10-04 18:05:10,891 - twister - DEBUG -    vendor filter: []
2026-10-04 18:05:10,891 - twister - DEBUG -      arch_filter: None
2026-10-04 18:05:10,891 - twister - DEBUG -       tag_filter: None
2026-10-04 18:05:10,891 - twister - DEBUG -      exclude_tag: None
2026-10-04 18:05:10,891 - twister - DEBUG - Checking platform filter: ['native_sim']
2026-10-04 18:05:10,891 - twister - INFO - Building initial testsuite list...
2026-10-04 18:05:10,892 - twister - INFO - Built testsuite list in 0.00 seconds
2026-10-04 18:05:10,892 - twister - INFO - Writing JSON report /home/mircea/zephyr-course/twister-out/testplan.json
2026-10-04 18:05:10,907 - twister - INFO - JOBS: 16
2026-10-04 18:05:10,907 - twister - INFO - Adding tasks to the queue...
2026-10-04 18:05:10,907 - twister - DEBUG - adding native_sim/native/host/gnu/homework.unit.ring_buf
2026-10-04 18:05:10,909 - twister - INFO - Added initial list of jobs to queue
2026-10-04 18:05:10,915 - twister - DEBUG - Running cmake on /home/mircea/zephyr-course/tests/ring_buf for native_sim/native
2026-10-04 18:05:10,916 - twister - DEBUG - Calling cmake: /usr/bin/cmake -B/home/mircea/zephyr-course/twister-out/native_sim_native/host_gnu/zephyr-course/tests/ring_buf/homework.unit.ring_buf -DTC_RUNID=a9f509bb8c2337c84e92789d2f0c67c8 -DTC_NAME=homework.unit.ring_buf -DCONFIG_COMPILER_WARNINGS_AS_ERRORS=y -DEXTRA_GEN_EDT_ARGS=--edtlib-Werror -GNinja -DPython3_EXECUTABLE=/home/mircea/zephyrproject/.venv/bin/python3 -DZEPHYR_TOOLCHAIN_VARIANT=host/gnu -S/home/mircea/zephyr-course/tests/ring_buf -DBOARD=native_sim/native
2026-10-04 18:05:10,938 - twister - DEBUG - Launched 16 jobs
2026-10-04 18:05:16,435 - twister - DEBUG - Finished running cmake /home/mircea/zephyr-course/tests/ring_buf for native_sim/native in 5.52 seconds
2026-10-04 18:05:16,437 - twister - DEBUG - build test: native_sim/native/host/gnu/homework.unit.ring_buf
2026-10-04 18:05:16,437 - twister - DEBUG - Building /home/mircea/zephyr-course/tests/ring_buf for native_sim/native
2026-10-04 18:05:16,438 - twister - DEBUG - Running /usr/bin/cmake --build /home/mircea/zephyr-course/twister-out/native_sim_native/host_gnu/zephyr-course/tests/ring_buf/homework.unit.ring_buf
2026-10-04 18:05:18,201 - twister - DEBUG - Finished building /home/mircea/zephyr-course/tests/ring_buf for native_sim/native in 1.76 seconds
2026-10-04 18:05:18,201 - twister - DEBUG - Determine test cases for test instance: native_sim/native/host/gnu/homework.unit.ring_buf
2026-10-04 18:05:18,201 - twister - DEBUG - Determine test cases for test suite: homework.unit.ring_buf
2026-10-04 18:05:18,230 - twister - DEBUG - Test instance native_sim/native/host/gnu/homework.unit.ring_buf already has 8 testcase(s) known: [<TestCase homework.unit.ring_buf.ring_buf_boundaries.is_full_after_fill with None>, <TestCase homework.unit.ring_buf.ring_buf_boundaries.peek_does_not_consume with None>, <TestCase homework.unit.ring_buf.ring_buf_push_pop.single_push_pop with None>, <TestCase homework.unit.ring_buf.ring_buf_init.reinit_clears_state with None>, <TestCase homework.unit.ring_buf.ring_buf_boundaries.pop_null_returns_einval with None>, <TestCase homework.unit.ring_buf.ring_buf_push_pop.fifo_order with None>, <TestCase homework.unit.ring_buf.ring_buf_init.fresh_state with None>, <TestCase homework.unit.ring_buf.ring_buf_push_pop.push_full_returns_enospc with None>]
2026-10-04 18:05:18,230 - twister - DEBUG - Detected 8 Ztest case(s): [homework.unit.ring_buf.ring_buf_boundaries.is_full_after_fill, homework.unit.ring_buf.ring_buf_boundaries.pop_null_returns_einval, homework.unit.ring_buf.ring_buf_boundaries.peek_does_not_consume, homework.unit.ring_buf.ring_buf_push_pop.push_full_returns_enospc, homework.unit.ring_buf.ring_buf_push_pop.fifo_order, homework.unit.ring_buf.ring_buf_push_pop.single_push_pop, homework.unit.ring_buf.ring_buf_init.reinit_clears_state, homework.unit.ring_buf.ring_buf_init.fresh_state] in /home/mircea/zephyr-course/twister-out/native_sim_native/host_gnu/zephyr-course/tests/ring_buf/homework.unit.ring_buf/zephyr/zephyr.elf
2026-10-04 18:05:18,233 - twister - DEBUG - run test: native_sim/native/host/gnu/homework.unit.ring_buf
2026-10-04 18:05:18,233 - twister - DEBUG - Reset instance status from 'passed' to None before run.
2026-10-04 18:05:18,233 - twister - DEBUG - Spawning process: /home/mircea/zephyr-course/twister-out/native_sim_native/host_gnu/zephyr-course/tests/ring_buf/homework.unit.ring_buf/zephyr/zephyr.exe
in directory: /home/mircea/zephyr-course/twister-out/native_sim_native/host_gnu/zephyr-course/tests/ring_buf/homework.unit.ring_buf
2026-10-04 18:05:18,233 - twister - DEBUG - Spawning BinaryHandler Thread for native_sim/native/host/gnu/homework.unit.ring_buf
2026-10-04 18:05:18,234 - twister - DEBUG - OUTPUT: *** Booting Zephyr OS build v4.4.2 ***
2026-10-04 18:05:18,235 - twister - DEBUG - OUTPUT: Running TESTSUITE ring_buf_boundaries
2026-10-04 18:05:18,235 - twister - DEBUG - OUTPUT: ===================================================================
2026-10-04 18:05:18,235 - twister - DEBUG - OUTPUT: START - test_pop_null_returns_einval
2026-10-04 18:05:18,236 - twister - DEBUG - OUTPUT: [00:00:00.000,000] [1;31m<err> ring_buf: value pointer is NULL[0m
2026-10-04 18:05:18,236 - twister - DEBUG - OUTPUT:  PASS - test_pop_null_returns_einval in 0.000 seconds
2026-10-04 18:05:18,237 - twister - DEBUG - OUTPUT: ===================================================================
2026-10-04 18:05:18,237 - twister - DEBUG - OUTPUT: START - test_is_full_after_fill
2026-10-04 18:05:18,237 - twister - DEBUG - OUTPUT:  PASS - test_is_full_after_fill in 0.000 seconds
2026-10-04 18:05:18,237 - twister - DEBUG - OUTPUT: ===================================================================
2026-10-04 18:05:18,238 - twister - DEBUG - OUTPUT: START - test_peek_does_not_consume
2026-10-04 18:05:18,238 - twister - DEBUG - OUTPUT:  PASS - test_peek_does_not_consume in 0.000 seconds
2026-10-04 18:05:18,238 - twister - DEBUG - OUTPUT: ===================================================================
2026-10-04 18:05:18,239 - twister - DEBUG - OUTPUT: START - test_peek_does_not_consume
2026-10-04 18:05:18,239 - twister - DEBUG - OUTPUT:  PASS - test_peek_does_not_consume in 0.000 seconds
2026-10-04 18:05:18,239 - twister - DEBUG - OUTPUT: ===================================================================
2026-10-04 18:05:18,239 - twister - DEBUG - OUTPUT: START - test_is_full_after_fill
2026-10-04 18:05:18,239 - twister - DEBUG - OUTPUT:  PASS - test_is_full_after_fill in 0.000 seconds
2026-10-04 18:05:18,240 - twister - DEBUG - OUTPUT: ===================================================================
2026-10-04 18:05:18,240 - twister - DEBUG - OUTPUT: START - test_pop_null_returns_einval
2026-10-04 18:05:18,240 - twister - DEBUG - OUTPUT: [00:00:00.000,000] [1;31m<err> ring_buf: value pointer is NULL[0m
2026-10-04 18:05:18,241 - twister - DEBUG - OUTPUT:  PASS - test_pop_null_returns_einval in 0.000 seconds
2026-10-04 18:05:18,241 - twister - DEBUG - OUTPUT: ===================================================================
2026-10-04 18:05:18,241 - twister - DEBUG - OUTPUT: START - test_peek_does_not_consume
2026-10-04 18:05:18,241 - twister - DEBUG - OUTPUT:  PASS - test_peek_does_not_consume in 0.000 seconds
2026-10-04 18:05:18,241 - twister - DEBUG - OUTPUT: ===================================================================
2026-10-04 18:05:18,242 - twister - DEBUG - OUTPUT: START - test_pop_null_returns_einval
2026-10-04 18:05:18,242 - twister - DEBUG - OUTPUT: [00:00:00.000,000] [1;31m<err> ring_buf: value pointer is NULL[0m
2026-10-04 18:05:18,242 - twister - DEBUG - OUTPUT:  PASS - test_pop_null_returns_einval in 0.000 seconds
2026-10-04 18:05:18,242 - twister - DEBUG - OUTPUT: ===================================================================
2026-10-04 18:05:18,242 - twister - DEBUG - OUTPUT: START - test_is_full_after_fill
2026-10-04 18:05:18,242 - twister - DEBUG - OUTPUT:  PASS - test_is_full_after_fill in 0.000 seconds
2026-10-04 18:05:18,243 - twister - DEBUG - OUTPUT: ===================================================================
2026-10-04 18:05:18,243 - twister - DEBUG - OUTPUT: TESTSUITE ring_buf_boundaries succeeded
2026-10-04 18:05:18,243 - twister - DEBUG - OUTPUT: Running TESTSUITE ring_buf_boundaries
2026-10-04 18:05:18,243 - twister - DEBUG - OUTPUT: ===================================================================
2026-10-04 18:05:18,243 - twister - DEBUG - OUTPUT: START - test_peek_does_not_consume
2026-10-04 18:05:18,244 - twister - DEBUG - OUTPUT:  PASS - test_peek_does_not_consume in 0.000 seconds
2026-10-04 18:05:18,244 - twister - DEBUG - OUTPUT: ===================================================================
2026-10-04 18:05:18,244 - twister - DEBUG - OUTPUT: START - test_is_full_after_fill
2026-10-04 18:05:18,244 - twister - DEBUG - OUTPUT:  PASS - test_is_full_after_fill in 0.000 seconds
2026-10-04 18:05:18,244 - twister - DEBUG - OUTPUT: ===================================================================
2026-10-04 18:05:18,245 - twister - DEBUG - OUTPUT: START - test_pop_null_returns_einval
2026-10-04 18:05:18,245 - twister - DEBUG - OUTPUT: [00:00:00.000,000] [1;31m<err> ring_buf: value pointer is NULL[0m
2026-10-04 18:05:18,245 - twister - DEBUG - OUTPUT:  PASS - test_pop_null_returns_einval in 0.000 seconds
2026-10-04 18:05:18,245 - twister - DEBUG - OUTPUT: ===================================================================
2026-10-04 18:05:18,245 - twister - DEBUG - OUTPUT: START - test_peek_does_not_consume
2026-10-04 18:05:18,245 - twister - DEBUG - OUTPUT:  PASS - test_peek_does_not_consume in 0.000 seconds
2026-10-04 18:05:18,245 - twister - DEBUG - OUTPUT: ===================================================================
2026-10-04 18:05:18,246 - twister - DEBUG - OUTPUT: START - test_is_full_after_fill
2026-10-04 18:05:18,246 - twister - DEBUG - OUTPUT:  PASS - test_is_full_after_fill in 0.000 seconds
2026-10-04 18:05:18,246 - twister - DEBUG - OUTPUT: ===================================================================
2026-10-04 18:05:18,246 - twister - DEBUG - OUTPUT: START - test_pop_null_returns_einval
2026-10-04 18:05:18,246 - twister - DEBUG - OUTPUT: [00:00:00.000,000] [1;31m<err> ring_buf: value pointer is NULL[0m
2026-10-04 18:05:18,246 - twister - DEBUG - OUTPUT:  PASS - test_pop_null_returns_einval in 0.000 seconds
2026-10-04 18:05:18,246 - twister - DEBUG - OUTPUT: ===================================================================
2026-10-04 18:05:18,246 - twister - DEBUG - OUTPUT: START - test_is_full_after_fill
2026-10-04 18:05:18,246 - twister - DEBUG - OUTPUT:  PASS - test_is_full_after_fill in 0.000 seconds
2026-10-04 18:05:18,247 - twister - DEBUG - OUTPUT: ===================================================================
2026-10-04 18:05:18,247 - twister - DEBUG - OUTPUT: START - test_peek_does_not_consume
2026-10-04 18:05:18,247 - twister - DEBUG - OUTPUT:  PASS - test_peek_does_not_consume in 0.000 seconds
2026-10-04 18:05:18,247 - twister - DEBUG - OUTPUT: ===================================================================
2026-10-04 18:05:18,247 - twister - DEBUG - OUTPUT: START - test_pop_null_returns_einval
2026-10-04 18:05:18,247 - twister - DEBUG - OUTPUT: [00:00:00.000,000] [1;31m<err> ring_buf: value pointer is NULL[0m
2026-10-04 18:05:18,248 - twister - DEBUG - OUTPUT:  PASS - test_pop_null_returns_einval in 0.000 seconds
2026-10-04 18:05:18,248 - twister - DEBUG - OUTPUT: ===================================================================
2026-10-04 18:05:18,248 - twister - DEBUG - OUTPUT: TESTSUITE ring_buf_boundaries succeeded
2026-10-04 18:05:18,248 - twister - DEBUG - OUTPUT: Running TESTSUITE ring_buf_boundaries
2026-10-04 18:05:18,249 - twister - DEBUG - OUTPUT: ===================================================================
2026-10-04 18:05:18,249 - twister - DEBUG - OUTPUT: START - test_is_full_after_fill
2026-10-04 18:05:18,249 - twister - DEBUG - OUTPUT:  PASS - test_is_full_after_fill in 0.000 seconds
2026-10-04 18:05:18,249 - twister - DEBUG - OUTPUT: ===================================================================
2026-10-04 18:05:18,249 - twister - DEBUG - OUTPUT: START - test_peek_does_not_consume
2026-10-04 18:05:18,249 - twister - DEBUG - OUTPUT:  PASS - test_peek_does_not_consume in 0.000 seconds
2026-10-04 18:05:18,249 - twister - DEBUG - OUTPUT: ===================================================================
2026-10-04 18:05:18,249 - twister - DEBUG - OUTPUT: START - test_pop_null_returns_einval
2026-10-04 18:05:18,250 - twister - DEBUG - OUTPUT: [00:00:00.000,000] [1;31m<err> ring_buf: value pointer is NULL[0m
2026-10-04 18:05:18,250 - twister - DEBUG - OUTPUT:  PASS - test_pop_null_returns_einval in 0.000 seconds
2026-10-04 18:05:18,250 - twister - DEBUG - OUTPUT: ===================================================================
2026-10-04 18:05:18,250 - twister - DEBUG - OUTPUT: START - test_peek_does_not_consume
2026-10-04 18:05:18,250 - twister - DEBUG - OUTPUT:  PASS - test_peek_does_not_consume in 0.000 seconds
2026-10-04 18:05:18,250 - twister - DEBUG - OUTPUT: ===================================================================
2026-10-04 18:05:18,250 - twister - DEBUG - OUTPUT: START - test_pop_null_returns_einval
2026-10-04 18:05:18,250 - twister - DEBUG - OUTPUT: [00:00:00.000,000] [1;31m<err> ring_buf: value pointer is NULL[0m
2026-10-04 18:05:18,251 - twister - DEBUG - OUTPUT:  PASS - test_pop_null_returns_einval in 0.000 seconds
2026-10-04 18:05:18,251 - twister - DEBUG - OUTPUT: ===================================================================
2026-10-04 18:05:18,251 - twister - DEBUG - OUTPUT: START - test_is_full_after_fill
2026-10-04 18:05:18,251 - twister - DEBUG - OUTPUT:  PASS - test_is_full_after_fill in 0.000 seconds
2026-10-04 18:05:18,251 - twister - DEBUG - OUTPUT: ===================================================================
2026-10-04 18:05:18,251 - twister - DEBUG - OUTPUT: START - test_peek_does_not_consume
2026-10-04 18:05:18,251 - twister - DEBUG - OUTPUT:  PASS - test_peek_does_not_consume in 0.000 seconds
2026-10-04 18:05:18,252 - twister - DEBUG - OUTPUT: ===================================================================
2026-10-04 18:05:18,252 - twister - DEBUG - OUTPUT: START - test_pop_null_returns_einval
2026-10-04 18:05:18,252 - twister - DEBUG - OUTPUT: [00:00:00.000,000] [1;31m<err> ring_buf: value pointer is NULL[0m
2026-10-04 18:05:18,252 - twister - DEBUG - OUTPUT:  PASS - test_pop_null_returns_einval in 0.000 seconds
2026-10-04 18:05:18,252 - twister - DEBUG - OUTPUT: ===================================================================
2026-10-04 18:05:18,252 - twister - DEBUG - OUTPUT: START - test_is_full_after_fill
2026-10-04 18:05:18,253 - twister - DEBUG - OUTPUT:  PASS - test_is_full_after_fill in 0.000 seconds
2026-10-04 18:05:18,253 - twister - DEBUG - OUTPUT: ===================================================================
2026-10-04 18:05:18,253 - twister - DEBUG - OUTPUT: TESTSUITE ring_buf_boundaries succeeded
2026-10-04 18:05:18,253 - twister - DEBUG - OUTPUT: Running TESTSUITE ring_buf_init
2026-10-04 18:05:18,253 - twister - DEBUG - OUTPUT: ===================================================================
2026-10-04 18:05:18,254 - twister - DEBUG - OUTPUT: START - test_reinit_clears_state
2026-10-04 18:05:18,254 - twister - DEBUG - OUTPUT:  PASS - test_reinit_clears_state in 0.000 seconds
2026-10-04 18:05:18,254 - twister - DEBUG - OUTPUT: ===================================================================
2026-10-04 18:05:18,254 - twister - DEBUG - OUTPUT: START - test_fresh_state
2026-10-04 18:05:18,254 - twister - DEBUG - OUTPUT:  PASS - test_fresh_state in 0.000 seconds
2026-10-04 18:05:18,255 - twister - DEBUG - OUTPUT: ===================================================================
2026-10-04 18:05:18,255 - twister - DEBUG - OUTPUT: START - test_reinit_clears_state
2026-10-04 18:05:18,255 - twister - DEBUG - OUTPUT:  PASS - test_reinit_clears_state in 0.000 seconds
2026-10-04 18:05:18,255 - twister - DEBUG - OUTPUT: ===================================================================
2026-10-04 18:05:18,255 - twister - DEBUG - OUTPUT: START - test_fresh_state
2026-10-04 18:05:18,255 - twister - DEBUG - OUTPUT:  PASS - test_fresh_state in 0.000 seconds
2026-10-04 18:05:18,255 - twister - DEBUG - OUTPUT: ===================================================================
2026-10-04 18:05:18,256 - twister - DEBUG - OUTPUT: START - test_reinit_clears_state
2026-10-04 18:05:18,256 - twister - DEBUG - OUTPUT:  PASS - test_reinit_clears_state in 0.000 seconds
2026-10-04 18:05:18,256 - twister - DEBUG - OUTPUT: ===================================================================
2026-10-04 18:05:18,256 - twister - DEBUG - OUTPUT: START - test_fresh_state
2026-10-04 18:05:18,256 - twister - DEBUG - OUTPUT:  PASS - test_fresh_state in 0.000 seconds
2026-10-04 18:05:18,256 - twister - DEBUG - OUTPUT: ===================================================================
2026-10-04 18:05:18,257 - twister - DEBUG - OUTPUT: TESTSUITE ring_buf_init succeeded
2026-10-04 18:05:18,257 - twister - DEBUG - OUTPUT: Running TESTSUITE ring_buf_init
2026-10-04 18:05:18,257 - twister - DEBUG - OUTPUT: ===================================================================
2026-10-04 18:05:18,257 - twister - DEBUG - OUTPUT: START - test_fresh_state
2026-10-04 18:05:18,257 - twister - DEBUG - OUTPUT:  PASS - test_fresh_state in 0.000 seconds
2026-10-04 18:05:18,257 - twister - DEBUG - OUTPUT: ===================================================================
2026-10-04 18:05:18,257 - twister - DEBUG - OUTPUT: START - test_reinit_clears_state
2026-10-04 18:05:18,257 - twister - DEBUG - OUTPUT:  PASS - test_reinit_clears_state in 0.000 seconds
2026-10-04 18:05:18,258 - twister - DEBUG - OUTPUT: ===================================================================
2026-10-04 18:05:18,258 - twister - DEBUG - OUTPUT: START - test_fresh_state
2026-10-04 18:05:18,258 - twister - DEBUG - OUTPUT:  PASS - test_fresh_state in 0.000 seconds
2026-10-04 18:05:18,258 - twister - DEBUG - OUTPUT: ===================================================================
2026-10-04 18:05:18,258 - twister - DEBUG - OUTPUT: START - test_reinit_clears_state
2026-10-04 18:05:18,258 - twister - DEBUG - OUTPUT:  PASS - test_reinit_clears_state in 0.000 seconds
2026-10-04 18:05:18,258 - twister - DEBUG - OUTPUT: ===================================================================
2026-10-04 18:05:18,258 - twister - DEBUG - OUTPUT: START - test_reinit_clears_state
2026-10-04 18:05:18,259 - twister - DEBUG - OUTPUT:  PASS - test_reinit_clears_state in 0.000 seconds
2026-10-04 18:05:18,259 - twister - DEBUG - OUTPUT: ===================================================================
2026-10-04 18:05:18,259 - twister - DEBUG - OUTPUT: START - test_fresh_state
2026-10-04 18:05:18,259 - twister - DEBUG - OUTPUT:  PASS - test_fresh_state in 0.000 seconds
2026-10-04 18:05:18,259 - twister - DEBUG - OUTPUT: ===================================================================
2026-10-04 18:05:18,259 - twister - DEBUG - OUTPUT: TESTSUITE ring_buf_init succeeded
2026-10-04 18:05:18,259 - twister - DEBUG - OUTPUT: Running TESTSUITE ring_buf_init
2026-10-04 18:05:18,259 - twister - DEBUG - OUTPUT: ===================================================================
2026-10-04 18:05:18,260 - twister - DEBUG - OUTPUT: START - test_fresh_state
2026-10-04 18:05:18,260 - twister - DEBUG - OUTPUT:  PASS - test_fresh_state in 0.000 seconds
2026-10-04 18:05:18,260 - twister - DEBUG - OUTPUT: ===================================================================
2026-10-04 18:05:18,260 - twister - DEBUG - OUTPUT: START - test_reinit_clears_state
2026-10-04 18:05:18,260 - twister - DEBUG - OUTPUT:  PASS - test_reinit_clears_state in 0.000 seconds
2026-10-04 18:05:18,260 - twister - DEBUG - OUTPUT: ===================================================================
2026-10-04 18:05:18,260 - twister - DEBUG - OUTPUT: START - test_fresh_state
2026-10-04 18:05:18,261 - twister - DEBUG - OUTPUT:  PASS - test_fresh_state in 0.000 seconds
2026-10-04 18:05:18,261 - twister - DEBUG - OUTPUT: ===================================================================
2026-10-04 18:05:18,261 - twister - DEBUG - OUTPUT: START - test_reinit_clears_state
2026-10-04 18:05:18,261 - twister - DEBUG - OUTPUT:  PASS - test_reinit_clears_state in 0.000 seconds
2026-10-04 18:05:18,261 - twister - DEBUG - OUTPUT: ===================================================================
2026-10-04 18:05:18,261 - twister - DEBUG - OUTPUT: START - test_reinit_clears_state
2026-10-04 18:05:18,262 - twister - DEBUG - OUTPUT:  PASS - test_reinit_clears_state in 0.000 seconds
2026-10-04 18:05:18,262 - twister - DEBUG - OUTPUT: ===================================================================
2026-10-04 18:05:18,262 - twister - DEBUG - OUTPUT: START - test_fresh_state
2026-10-04 18:05:18,262 - twister - DEBUG - OUTPUT:  PASS - test_fresh_state in 0.000 seconds
2026-10-04 18:05:18,262 - twister - DEBUG - OUTPUT: ===================================================================
2026-10-04 18:05:18,262 - twister - DEBUG - OUTPUT: TESTSUITE ring_buf_init succeeded
2026-10-04 18:05:18,262 - twister - DEBUG - OUTPUT: Running TESTSUITE ring_buf_push_pop
2026-10-04 18:05:18,263 - twister - DEBUG - OUTPUT: ===================================================================
2026-10-04 18:05:18,263 - twister - DEBUG - OUTPUT: START - test_push_full_returns_enospc
2026-10-04 18:05:18,263 - twister - DEBUG - OUTPUT: [00:00:00.000,000] [1;33m<wrn> ring_buf: buffer full (capacity=4)[0m
2026-10-04 18:05:18,263 - twister - DEBUG - OUTPUT:  PASS - test_push_full_returns_enospc in 0.000 seconds
2026-10-04 18:05:18,263 - twister - DEBUG - OUTPUT: ===================================================================
2026-10-04 18:05:18,263 - twister - DEBUG - OUTPUT: START - test_single_push_pop
2026-10-04 18:05:18,263 - twister - DEBUG - OUTPUT:  PASS - test_single_push_pop in 0.000 seconds
2026-10-04 18:05:18,263 - twister - DEBUG - OUTPUT: ===================================================================
2026-10-04 18:05:18,264 - twister - DEBUG - OUTPUT: START - test_fifo_order
2026-10-04 18:05:18,264 - twister - DEBUG - OUTPUT:  PASS - test_fifo_order in 0.000 seconds
2026-10-04 18:05:18,264 - twister - DEBUG - OUTPUT: ===================================================================
2026-10-04 18:05:18,264 - twister - DEBUG - OUTPUT: START - test_push_full_returns_enospc
2026-10-04 18:05:18,264 - twister - DEBUG - OUTPUT: [00:00:00.000,000] [1;33m<wrn> ring_buf: buffer full (capacity=4)[0m
2026-10-04 18:05:18,264 - twister - DEBUG - OUTPUT:  PASS - test_push_full_returns_enospc in 0.000 seconds
2026-10-04 18:05:18,265 - twister - DEBUG - OUTPUT: ===================================================================
2026-10-04 18:05:18,265 - twister - DEBUG - OUTPUT: START - test_fifo_order
2026-10-04 18:05:18,265 - twister - DEBUG - OUTPUT:  PASS - test_fifo_order in 0.000 seconds
2026-10-04 18:05:18,265 - twister - DEBUG - OUTPUT: ===================================================================
2026-10-04 18:05:18,265 - twister - DEBUG - OUTPUT: START - test_single_push_pop
2026-10-04 18:05:18,265 - twister - DEBUG - OUTPUT:  PASS - test_single_push_pop in 0.000 seconds
2026-10-04 18:05:18,265 - twister - DEBUG - OUTPUT: ===================================================================
2026-10-04 18:05:18,266 - twister - DEBUG - OUTPUT: START - test_single_push_pop
2026-10-04 18:05:18,266 - twister - DEBUG - OUTPUT:  PASS - test_single_push_pop in 0.000 seconds
2026-10-04 18:05:18,266 - twister - DEBUG - OUTPUT: ===================================================================
2026-10-04 18:05:18,266 - twister - DEBUG - OUTPUT: START - test_push_full_returns_enospc
2026-10-04 18:05:18,266 - twister - DEBUG - OUTPUT: [00:00:00.000,000] [1;33m<wrn> ring_buf: buffer full (capacity=4)[0m
2026-10-04 18:05:18,266 - twister - DEBUG - OUTPUT:  PASS - test_push_full_returns_enospc in 0.000 seconds
2026-10-04 18:05:18,266 - twister - DEBUG - OUTPUT: ===================================================================
2026-10-04 18:05:18,267 - twister - DEBUG - OUTPUT: START - test_fifo_order
2026-10-04 18:05:18,267 - twister - DEBUG - OUTPUT:  PASS - test_fifo_order in 0.000 seconds
2026-10-04 18:05:18,268 - twister - DEBUG - OUTPUT: ===================================================================
2026-10-04 18:05:18,268 - twister - DEBUG - OUTPUT: TESTSUITE ring_buf_push_pop succeeded
2026-10-04 18:05:18,268 - twister - DEBUG - OUTPUT: Running TESTSUITE ring_buf_push_pop
2026-10-04 18:05:18,268 - twister - DEBUG - OUTPUT: ===================================================================
2026-10-04 18:05:18,268 - twister - DEBUG - OUTPUT: START - test_push_full_returns_enospc
2026-10-04 18:05:18,268 - twister - DEBUG - OUTPUT: [00:00:00.000,000] [1;33m<wrn> ring_buf: buffer full (capacity=4)[0m
2026-10-04 18:05:18,269 - twister - DEBUG - OUTPUT:  PASS - test_push_full_returns_enospc in 0.000 seconds
2026-10-04 18:05:18,269 - twister - DEBUG - OUTPUT: ===================================================================
2026-10-04 18:05:18,269 - twister - DEBUG - OUTPUT: START - test_single_push_pop
2026-10-04 18:05:18,269 - twister - DEBUG - OUTPUT:  PASS - test_single_push_pop in 0.000 seconds
2026-10-04 18:05:18,269 - twister - DEBUG - OUTPUT: ===================================================================
2026-10-04 18:05:18,269 - twister - DEBUG - OUTPUT: START - test_fifo_order
2026-10-04 18:05:18,270 - twister - DEBUG - OUTPUT:  PASS - test_fifo_order in 0.000 seconds
2026-10-04 18:05:18,270 - twister - DEBUG - OUTPUT: ===================================================================
2026-10-04 18:05:18,270 - twister - DEBUG - OUTPUT: START - test_fifo_order
2026-10-04 18:05:18,270 - twister - DEBUG - OUTPUT:  PASS - test_fifo_order in 0.000 seconds
2026-10-04 18:05:18,270 - twister - DEBUG - OUTPUT: ===================================================================
2026-10-04 18:05:18,270 - twister - DEBUG - OUTPUT: START - test_push_full_returns_enospc
2026-10-04 18:05:18,270 - twister - DEBUG - OUTPUT: [00:00:00.000,000] [1;33m<wrn> ring_buf: buffer full (capacity=4)[0m
2026-10-04 18:05:18,271 - twister - DEBUG - OUTPUT:  PASS - test_push_full_returns_enospc in 0.000 seconds
2026-10-04 18:05:18,271 - twister - DEBUG - OUTPUT: ===================================================================
2026-10-04 18:05:18,271 - twister - DEBUG - OUTPUT: START - test_single_push_pop
2026-10-04 18:05:18,271 - twister - DEBUG - OUTPUT:  PASS - test_single_push_pop in 0.000 seconds
2026-10-04 18:05:18,271 - twister - DEBUG - OUTPUT: ===================================================================
2026-10-04 18:05:18,271 - twister - DEBUG - OUTPUT: START - test_fifo_order
2026-10-04 18:05:18,271 - twister - DEBUG - OUTPUT:  PASS - test_fifo_order in 0.000 seconds
2026-10-04 18:05:18,272 - twister - DEBUG - OUTPUT: ===================================================================
2026-10-04 18:05:18,272 - twister - DEBUG - OUTPUT: START - test_push_full_returns_enospc
2026-10-04 18:05:18,272 - twister - DEBUG - OUTPUT: [00:00:00.000,000] [1;33m<wrn> ring_buf: buffer full (capacity=4)[0m
2026-10-04 18:05:18,272 - twister - DEBUG - OUTPUT:  PASS - test_push_full_returns_enospc in 0.000 seconds
2026-10-04 18:05:18,272 - twister - DEBUG - OUTPUT: ===================================================================
2026-10-04 18:05:18,272 - twister - DEBUG - OUTPUT: START - test_single_push_pop
2026-10-04 18:05:18,272 - twister - DEBUG - OUTPUT:  PASS - test_single_push_pop in 0.000 seconds
2026-10-04 18:05:18,273 - twister - DEBUG - OUTPUT: ===================================================================
2026-10-04 18:05:18,273 - twister - DEBUG - OUTPUT: TESTSUITE ring_buf_push_pop succeeded
2026-10-04 18:05:18,273 - twister - DEBUG - OUTPUT: Running TESTSUITE ring_buf_push_pop
2026-10-04 18:05:18,273 - twister - DEBUG - OUTPUT: ===================================================================
2026-10-04 18:05:18,273 - twister - DEBUG - OUTPUT: START - test_single_push_pop
2026-10-04 18:05:18,273 - twister - DEBUG - OUTPUT:  PASS - test_single_push_pop in 0.000 seconds
2026-10-04 18:05:18,273 - twister - DEBUG - OUTPUT: ===================================================================
2026-10-04 18:05:18,273 - twister - DEBUG - OUTPUT: START - test_fifo_order
2026-10-04 18:05:18,274 - twister - DEBUG - OUTPUT:  PASS - test_fifo_order in 0.000 seconds
2026-10-04 18:05:18,274 - twister - DEBUG - OUTPUT: ===================================================================
2026-10-04 18:05:18,274 - twister - DEBUG - OUTPUT: START - test_push_full_returns_enospc
2026-10-04 18:05:18,274 - twister - DEBUG - OUTPUT: [00:00:00.000,000] [1;33m<wrn> ring_buf: buffer full (capacity=4)[0m
2026-10-04 18:05:18,274 - twister - DEBUG - OUTPUT:  PASS - test_push_full_returns_enospc in 0.000 seconds
2026-10-04 18:05:18,274 - twister - DEBUG - OUTPUT: ===================================================================
2026-10-04 18:05:18,274 - twister - DEBUG - OUTPUT: START - test_single_push_pop
2026-10-04 18:05:18,274 - twister - DEBUG - OUTPUT:  PASS - test_single_push_pop in 0.000 seconds
2026-10-04 18:05:18,274 - twister - DEBUG - OUTPUT: ===================================================================
2026-10-04 18:05:18,275 - twister - DEBUG - OUTPUT: START - test_push_full_returns_enospc
2026-10-04 18:05:18,275 - twister - DEBUG - OUTPUT: [00:00:00.000,000] [1;33m<wrn> ring_buf: buffer full (capacity=4)[0m
2026-10-04 18:05:18,275 - twister - DEBUG - OUTPUT:  PASS - test_push_full_returns_enospc in 0.000 seconds
2026-10-04 18:05:18,275 - twister - DEBUG - OUTPUT: ===================================================================
2026-10-04 18:05:18,275 - twister - DEBUG - OUTPUT: START - test_fifo_order
2026-10-04 18:05:18,275 - twister - DEBUG - OUTPUT:  PASS - test_fifo_order in 0.000 seconds
2026-10-04 18:05:18,275 - twister - DEBUG - OUTPUT: ===================================================================
2026-10-04 18:05:18,275 - twister - DEBUG - OUTPUT: START - test_single_push_pop
2026-10-04 18:05:18,276 - twister - DEBUG - OUTPUT:  PASS - test_single_push_pop in 0.000 seconds
2026-10-04 18:05:18,276 - twister - DEBUG - OUTPUT: ===================================================================
2026-10-04 18:05:18,276 - twister - DEBUG - OUTPUT: START - test_push_full_returns_enospc
2026-10-04 18:05:18,276 - twister - DEBUG - OUTPUT: [00:00:00.000,000] [1;33m<wrn> ring_buf: buffer full (capacity=4)[0m
2026-10-04 18:05:18,276 - twister - DEBUG - OUTPUT:  PASS - test_push_full_returns_enospc in 0.000 seconds
2026-10-04 18:05:18,276 - twister - DEBUG - OUTPUT: ===================================================================
2026-10-04 18:05:18,277 - twister - DEBUG - OUTPUT: START - test_fifo_order
2026-10-04 18:05:18,277 - twister - DEBUG - OUTPUT:  PASS - test_fifo_order in 0.000 seconds
2026-10-04 18:05:18,277 - twister - DEBUG - OUTPUT: ===================================================================
2026-10-04 18:05:18,277 - twister - DEBUG - OUTPUT: TESTSUITE ring_buf_push_pop succeeded
2026-10-04 18:05:18,277 - twister - DEBUG - OUTPUT: 
2026-10-04 18:05:18,277 - twister - DEBUG - OUTPUT: ------ TESTSUITE SUMMARY START ------
2026-10-04 18:05:18,277 - twister - DEBUG - OUTPUT: 
2026-10-04 18:05:18,278 - twister - DEBUG - OUTPUT: SUITE PASS - 100.00% [ring_buf_boundaries]: pass = 3, fail = 0, skip = 0, total = 3 duration = 0.000 seconds
2026-10-04 18:05:18,278 - twister - DEBUG - OUTPUT:  - PASS - [ring_buf_boundaries.test_is_full_after_fill] duration = 0.000 seconds
2026-10-04 18:05:18,278 - twister - DEBUG - OUTPUT:  - PASS - [ring_buf_boundaries.test_peek_does_not_consume] duration = 0.000 seconds
2026-10-04 18:05:18,278 - twister - DEBUG - OUTPUT:  - PASS - [ring_buf_boundaries.test_pop_null_returns_einval] duration = 0.000 seconds
2026-10-04 18:05:18,278 - twister - DEBUG - OUTPUT: 
2026-10-04 18:05:18,278 - twister - DEBUG - OUTPUT: SUITE PASS - 100.00% [ring_buf_init]: pass = 2, fail = 0, skip = 0, total = 2 duration = 0.000 seconds
2026-10-04 18:05:18,278 - twister - DEBUG - OUTPUT:  - PASS - [ring_buf_init.test_fresh_state] duration = 0.000 seconds
2026-10-04 18:05:18,279 - twister - DEBUG - OUTPUT:  - PASS - [ring_buf_init.test_reinit_clears_state] duration = 0.000 seconds
2026-10-04 18:05:18,279 - twister - DEBUG - OUTPUT: 
2026-10-04 18:05:18,279 - twister - DEBUG - OUTPUT: SUITE PASS - 100.00% [ring_buf_push_pop]: pass = 3, fail = 0, skip = 0, total = 3 duration = 0.000 seconds
2026-10-04 18:05:18,279 - twister - DEBUG - OUTPUT:  - PASS - [ring_buf_push_pop.test_fifo_order] duration = 0.000 seconds
2026-10-04 18:05:18,279 - twister - DEBUG - OUTPUT:  - PASS - [ring_buf_push_pop.test_push_full_returns_enospc] duration = 0.000 seconds
2026-10-04 18:05:18,279 - twister - DEBUG - OUTPUT:  - PASS - [ring_buf_push_pop.test_single_push_pop] duration = 0.000 seconds
2026-10-04 18:05:18,280 - twister - DEBUG - OUTPUT: 
2026-10-04 18:05:18,280 - twister - DEBUG - OUTPUT: ------ TESTSUITE SUMMARY END ------
2026-10-04 18:05:18,280 - twister - DEBUG - OUTPUT: 
2026-10-04 18:05:18,280 - twister - DEBUG - OUTPUT: ===================================================================
2026-10-04 18:05:18,280 - twister - DEBUG - OUTPUT: RunID: a9f509bb8c2337c84e92789d2f0c67c8
2026-10-04 18:05:18,281 - twister - DEBUG - OUTPUT: PROJECT EXECUTION SUCCESSFUL
2026-10-04 18:05:18,282 - twister - DEBUG - Expected suite names:['ring_buf_init', 'ring_buf_push_pop', 'ring_buf_boundaries']
2026-10-04 18:05:18,282 - twister - DEBUG - Detected suite names:['ring_buf_boundaries', 'ring_buf_init', 'ring_buf_push_pop']
2026-10-04 18:05:18,282 - twister - DEBUG - run status: native_sim/native/host/gnu/homework.unit.ring_buf passed
2026-10-04 18:05:18,284 - twister - INFO - 1/1 native_sim/native         homework.unit.ring_buf                             [32mPASSED[39m (native 0.048s <host/gnu>)
2026-10-04 18:05:18,289 - twister - INFO - 1 test scenarios (1 configurations) selected, 0 configurations filtered (0 by static filter, 0 at runtime).
2026-10-04 18:05:18,295 - twister - INFO - [32m1 of 1[39m executed test configurations passed (100.00%), 0 built (not run), 0 failed, 0 errored, with no warnings in 8.88 seconds.
2026-10-04 18:05:18,295 - twister - INFO - 8 of 8 executed test cases passed (100.00%) on 1 out of total 1473 platforms (0.07%).
2026-10-04 18:05:18,295 - twister - INFO - [32m1[39m test configurations executed on platforms, [36m0[39m test configurations were only built.
2026-10-04 18:05:18,295 - twister - INFO - Saving reports...
2026-10-04 18:05:18,295 - twister - INFO - Writing JSON report /home/mircea/zephyr-course/twister-out/twister.json
2026-10-04 18:05:18,296 - twister - INFO - Writing xunit report /home/mircea/zephyr-course/twister-out/twister.xml...
2026-10-04 18:05:18,297 - twister - INFO - Writing xunit report /home/mircea/zephyr-course/twister-out/twister_report.xml...
2026-10-04 18:05:18,297 - twister - INFO - Run completed
